// Jest Snapshot v1, https://goo.gl/fbAQLP

exports[`Gallery component matches snapshot 1`] = `
<DocumentFragment>

        <section id="projects" class="projects">
            <h2>Projects:</h2>
            <p>
                <a href=" https://github.com/hlachaal/food-truck-finder"><div class="box"> Food Truck Finder </div></a>
               <a href=" https://github.com/defhook/pass"><div class="box"> Pass </div></a>
               <a href=" https://github.com/frivera14/Travel-Planner"><div class="box"> Travel Planner </div></a>
            </p>
        </section>
        
</DocumentFragment>
`;
